List of Vertices
================
{ '0': 
   { vertexId: '0',
     content: 
      { _id: 0,
        name: 'Corinthians-Itaquera',
        location: { longitude: 46.1234, latitude: 23.2312 },
        nextStations: 
         [ { _id: 10,
             name: 'Arthur Alvim',
             location: [Object],
             nextStations: [Object] } ] } },
  '10': 
   { vertexId: '10',
     content: 
      { _id: 10,
        name: 'Arthur Alvim',
        location: { longitude: 46.2341, latitude: 23.123 },
        nextStations: [ 0, 20 ] } },
  '20': 
   { vertexId: '20',
     content: 
      { _id: 20,
        name: 'Patriarca',
        location: { longitude: 46.2135, latitude: 23.12344 },
        nextStations: [ 10, 30 ] } },
  '30': 
   { vertexId: '30',
     content: 
      { _id: 30,
        name: 'Guilhermina Esperança',
        location: { longitude: 46.23561, latitude: 23.765432 },
        nextStations: [ 20, 40 ] } },
  '40': 
   { vertexId: '40',
     content: 
      { _id: 40,
        name: 'Vila Matilde',
        location: { longitude: 26.346, latitude: 24.2135 },
        nextStations: [ 30 ] } },
  '50': 
   { vertexId: '50',
     content: 
      { _id: 50,
        name: 'Sé',
        location: { longitude: 43.2344, latitude: 24.1243 },
        nextStations: 
         [ { _id: 0,
             name: 'Corinthians-Itaquera',
             location: [Object],
             nextStations: [Object] } ] } } }
Adjacency List
================
{ '0': [ '10', '50' ],
  '10': [ '0', '20' ],
  '20': [ '10', '30' ],
  '30': [ '20', '40' ],
  '40': [ '30' ],
  '50': [ '0' ] }
[ { _id: 0,
    name: 'Corinthians-Itaquera',
    location: { longitude: 46.1234, latitude: 23.2312 },
    nextStations: 
     [ { _id: 10,
         name: 'Arthur Alvim',
         location: [Object],
         nextStations: [Object] } ] },
  { _id: 10,
    name: 'Arthur Alvim',
    location: { longitude: 46.2341, latitude: 23.123 },
    nextStations: 
     [ { _id: 0,
         name: 'Corinthians-Itaquera',
         location: [Object],
         nextStations: [Object] },
       { _id: 20,
         name: 'Patriarca',
         location: [Object],
         nextStations: [Object] } ] },
  { _id: 20,
    name: 'Patriarca',
    location: { longitude: 46.2135, latitude: 23.12344 },
    nextStations: 
     [ { _id: 10,
         name: 'Arthur Alvim',
         location: [Object],
         nextStations: [Object] },
       { _id: 30,
         name: 'Guilhermina Esperança',
         location: [Object],
         nextStations: [Object] } ] },
  { _id: 30,
    name: 'Guilhermina Esperança',
    location: { longitude: 46.23561, latitude: 23.765432 },
    nextStations: 
     [ { _id: 20,
         name: 'Patriarca',
         location: [Object],
         nextStations: [Object] },
       { _id: 40,
         name: 'Vila Matilde',
         location: [Object],
         nextStations: [Object] } ] },
  { _id: 40,
    name: 'Vila Matilde',
    location: { longitude: 26.346, latitude: 24.2135 },
    nextStations: 
     [ { _id: 30,
         name: 'Guilhermina Esperança',
         location: [Object],
         nextStations: [Object] } ] },
  { _id: 50,
    name: 'Sé',
    location: { longitude: 43.2344, latitude: 24.1243 },
    nextStations: 
     [ { _id: 0,
         name: 'Corinthians-Itaquera',
         location: [Object],
         nextStations: [Object] } ] } ]
